// Jest Snapshot v1, https://goo.gl/fbAQLP

exports[`<About /> matches the snapshot 1`] = `
<div>
  <h1>
    About
  </h1>
  <p>
    In an effort to help extend Health & Safety knowledge to a variety of languages, this is an app that translates terminology.
  </p>
</div>
`;
